/Users/aron/Library/Python/3.9/lib/python/site-packages/urllib3/__init__.py:35: NotOpenSSLWarning: urllib3 v2 only supports OpenSSL 1.1.1+, currently the 'ssl' module is compiled with 'LibreSSL 2.8.3'. See: https://github.com/urllib3/urllib3/issues/3020
  warnings.warn(
/Users/aron/nips-linguistic-evolution-toolkit/analyses/n_gram_sentence_structure.py:493: UserWarning: FigureCanvasAgg is non-interactive, and thus cannot be shown
  plt.show()

================================================================================
SENTENCE STRUCTURE EVOLUTION ANALYSIS
================================================================================

[1/6] Loading myth data...
  ✓ Loaded 10 rounds

[2/6] Analyzing structural evolution...

Analyzing structural evolution across rounds...
  Processing round 10/10...
  ✓ Structural evolution analysis complete

[3/6] Calculating innovation rates...
  Agent_1: Avg innovation rate = 100.00%
  Agent_2: Avg innovation rate = 100.00%

[4/6] Calculating convergence metrics...
  Similarity: 0.000 → 0.000 (Δ +0.000)

[5/6] Generating summary statistics...

================================================================================
SENTENCE STRUCTURE EVOLUTION SUMMARY
================================================================================

Agent_1:
----------------------------------------
  Tree Depth: 5.45 → 6.00 (Δ +0.55)
  Clauses: 2.45 → 2.36 (Δ -0.09)
  Unique POS Patterns: 11 → 11 (Δ +0)
  Average Innovation Rate: 100.00%

Agent_2:
----------------------------------------
  Tree Depth: 5.00 → 7.50 (Δ +2.50)
  Clauses: 2.33 → 2.62 (Δ +0.29)
  Unique POS Patterns: 12 → 8 (Δ -4)
  Average Innovation Rate: 100.00%

----------------------------------------
CONVERGENCE ANALYSIS:
----------------------------------------
  Initial Similarity: 0.000
  Final Similarity: 0.000
  Change: +0.000 (Diverging)

================================================================================

[6/6] Creating visualizations...

✓ Visualization saved to /Users/aron/nips-linguistic-evolution-toolkit/data/plots/linguistic_analysis/myth_causal_normative_clamped_gemini31_flashlite_r10_n5/myth_causal_normative_clamped_gemini31_flashlite_r10_n5_012_neutral_rep02_myth_game_directive_anything/ngram/sentence_structure_evolution.png

Saving results...
  ✓ Results saved to /Users/aron/nips-linguistic-evolution-toolkit/data/plots/linguistic_analysis/myth_causal_normative_clamped_gemini31_flashlite_r10_n5/myth_causal_normative_clamped_gemini31_flashlite_r10_n5_012_neutral_rep02_myth_game_directive_anything/ngram/sentence_structure_analysis.json

================================================================================
ANALYSIS COMPLETE!
================================================================================

Files generated:
  1. sentence_structure_evolution.png - Visualization plots
  2. sentence_structure_analysis.json - Detailed results data
