reproduce (myth_rules_20260928 reports +0.41 8-agent, +0.34 dyad):
       apparatus   n  coef_per_dollar  ci_lo  ci_hi      p
0  historical_8  23            0.149  0.016  0.282  0.031
1       rerun_8  23            0.412  0.227  0.597  0.000
2       rerun_2  23            0.340  0.102  0.579  0.008

within-cell replication across apparatus:
               outcome                       pair  n_donors  cells_with_variance  spearman_within_cell  perm_p
0           send_mean    historical_8 vs rerun_8        30                  5.0                0.7627  0.0004
1           send_mean    historical_8 vs rerun_2        30                  5.0                0.4468  0.0270
2           send_mean         rerun_8 vs rerun_2        30                  5.0                0.6314  0.0008
3           send_mean  ICC(1) across 3 apparatus        30                  NaN                0.6968  0.0005
4             send_r1    historical_8 vs rerun_8        30                  3.0                0.3572  0.0944
5             send_r1    historical_8 vs rerun_2        30                  3.0                0.1984  0.3155
6             send_r1         rerun_8 vs rerun_2        30                  5.0                0.3816  0.0692
7             send_r1  ICC(1) across 3 apparatus        30                  NaN                0.3069  0.0035
8          joint_frac    historical_8 vs rerun_8        30                  5.0                0.7583  0.0006
9          joint_frac    historical_8 vs rerun_2        30                  5.0                0.4285  0.0316
10         joint_frac         rerun_8 vs rerun_2        30                  5.0                0.6414  0.0008
11         joint_frac  ICC(1) across 3 apparatus        30                  NaN                0.6968  0.0005
12  return_share_told    historical_8 vs rerun_8        30                  6.0                0.6405  0.0018
13  return_share_told    historical_8 vs rerun_2        29                  6.0                0.0818  0.7113
14  return_share_told         rerun_8 vs rerun_2        29                  6.0                0.4478  0.0282
15  return_share_told  ICC(1) across 3 apparatus        30                  NaN                0.5667  0.0010

390 tests in the horse race (Holm applied separately per test family of 132/132/126)
                     feature  cell_rho  cell_p  pooled_rho  pooled_p  pooled_rho_drop_send_nothing  pooled_rho_leave_cell_out_min  pooled_rho_leave_cell_out_max  within_rho  within_perm_p  within_n  within_cells_with_variance
0                 prescribed    0.9000  0.0374      0.6907    0.0003                        0.6416                         0.5299                         0.7786      0.7589         0.0020        19                           4
2              rule_send_all    0.9710  0.0012      0.6840    0.0000                        0.6755                         0.6163                         0.7165      0.5487         0.0350        20                           4
1        prescribed_endorsed    0.9000  0.0374      0.6678    0.0005                        0.6143                         0.4653                         0.8129      0.7548         0.0030        19                           4
17             five_mentions    0.5429  0.2657      0.6441    0.0001                        0.6820                         0.4257                         0.7411      0.5090         0.0190        30                           6
20           joint_at_source    0.7182  0.1718      0.6163    0.0010                        0.5852                         0.3717                         0.7594      0.1058         0.6603        20                           4
4   rule_return_half_or_more    0.8332  0.0394      0.5673    0.0011                        0.5257                         0.4389                         0.6920      0.1421         0.7522        10                           2
3           rule_consistency    0.5768  0.2307      0.5110    0.0039                        0.4757                         0.3583                         0.7017      0.5085         0.1868        10                           2
19                   n_words    0.4286  0.3965      0.4060    0.0260                        0.5107                         0.0906                         0.6815     -0.0751         0.7093        30                           6
12         coop_minus_uncoop    0.7714  0.0724      0.3849    0.0357                        0.3356                         0.2012                         0.4538      0.1458         0.5155        25                           5
7            amount_endorsed    0.1690  0.7489      0.3617    0.0495                        0.3546                        -0.3114                         0.5826     -0.4053         0.3217        10                           2
10                  coop_pct    0.5429  0.2657      0.3379    0.0678                        0.2976                         0.0900                         0.4484      0.1027         0.6474        25                           5
18         game_terms_per100    0.4286  0.3965      0.2558    0.1725                        0.2647                        -0.0127                         0.4400      0.2255         0.2817        30                           6
15                num_per100    0.0857  0.8717      0.2152    0.2535                        0.2961                        -0.0877                         0.6213      0.5756         0.0060        30                           6
13            kw_consistency    0.4414  0.3809      0.2087    0.2685                        0.1823                        -0.0390                         0.4694      0.3863         0.0779        20                           4
21               late_source    0.2070  0.6939      0.1797    0.3419                        0.2341                        -0.0555                         0.4303         NaN            NaN         0                           0
11                uncoop_pct    0.1429  0.7872      0.0918    0.6293                        0.1392                        -0.2792                         0.3230     -0.1394         0.5345        25                           5
9          moral_generous_ds    0.3339  0.5177      0.0420    0.8255                        0.0045                        -0.1445                         0.1844     -0.2430         0.3207        25                           5
8         moral_generous_glm   -0.2070  0.6939     -0.1306    0.4914                       -0.1752                        -0.3330                         0.0595     -0.0870         0.9500        10                           2
6            rule_test_first   -0.6211  0.1882     -0.1698    0.3696                       -0.1952                        -0.2831                        -0.0849      0.2611         0.6064        10                           2
14               kw_measured   -0.5409  0.2678     -0.3979    0.0295                       -0.4469                        -0.5310                        -0.3114     -0.3991         0.2587        10                           2
16              digit_per100   -0.8452  0.0341     -0.4288    0.0181                       -0.4855                        -0.5202                        -0.3589      0.6018         0.1189        10                           2
5        rule_letdown_reduce   -0.6375  0.1733     -0.4497    0.0127                       -0.3966                        -0.6126                        -0.2635     -0.0600         0.8462        15                           3
            seed_type  rep  source_round  joint_at_source    send_rule  send_amount amount_status  prescribed     return_rule  after_letdown consistency      label_z label_deepseek  coop_pct  kw_consistency  five_mentions  n_words  send_mean__historical_8  send_mean__rerun_8  send_mean__rerun_2  send_r1__rerun_2  send_mean__combined_z
1          s_end_plus    0          10.0            596.0          all          5.0      endorsed        5.00            half    unspecified        True      be fair        be fair      3.26             1.0            2.0    215.0                     5.00                5.00                4.40               5.0                   1.54
2             s_start    0           1.0            596.0     moderate          2.5      narrated        2.50            half    unspecified       False  be generous    be generous      4.72             0.0            2.0    212.0                     3.61                3.48                2.68               3.0                  -0.02
5   s_end_plus_gemini    0          10.0            600.0  unspecified          NaN           NaN         NaN            half    unspecified        True      be fair        be fair      4.41             0.0            0.0    204.0                     4.04                4.80                3.24               5.0                   0.73
6      s_end_plus_gpt    0          10.0            340.0          all          5.0      narrated        5.00     unspecified  keep_trusting        True      be fair        be fair      3.98             1.0            1.0    201.0                     3.38                3.82                2.85               4.0                   0.05
8          s_end_plus    1          10.0            548.0     moderate          3.0      narrated        3.00            half    unspecified        True      be fair        be fair      1.96             1.0            3.0    204.0                     5.00                5.00                5.00               5.0                   1.74
9             s_start    1           1.0            548.0     moderate          NaN           NaN        2.75            half    unspecified        True  be generous    be generous      3.86             0.0            0.0    207.0                     3.64                4.15                2.85               5.0                   0.25
12  s_end_plus_gemini    1          10.0            600.0          all          5.0      narrated        5.00            half    unspecified        True      be fair        be fair      3.47             0.0            1.0    202.0                     4.90                5.00                2.80               4.0                   0.99
13     s_end_plus_gpt    1          10.0            588.0          all          5.0      narrated        5.00            half         reduce        True      be fair    be generous      4.48             1.0            1.0    201.0                     3.00                3.34                3.04               5.0                  -0.19
15         s_end_plus    2          10.0            594.0          all          5.0      endorsed        5.00            half    unspecified        True      be fair        be fair      3.52             0.0            4.0    227.0                     5.00                5.00                4.80               5.0                   1.67
16            s_start    2           1.0            594.0          all          5.0      narrated        5.00   at_least_sent         reduce       False  be generous    be generous      3.41             0.0            2.0    205.0                     3.72                4.62                3.85               5.0                   0.75
19  s_end_plus_gemini    2          10.0            600.0          all          5.0      narrated        5.00  more_than_half  keep_trusting        True      be fair    be generous      3.57             0.0            0.0    196.0                     3.54                3.59                2.70               4.0                  -0.01
20     s_end_plus_gpt    2          10.0            270.0     moderate          NaN           NaN        2.75            half         reduce        True      be fair        be fair      3.98             1.0            0.0    201.0                     2.96                2.82                2.25               3.0                  -0.61
22         s_end_plus    3          10.0            590.0          all          5.0      endorsed        5.00   at_least_sent    unspecified        True      be fair    be generous      4.58             4.0            3.0    240.0                     5.00                5.00                5.00               5.0                   1.74
23            s_start    3           1.0            590.0          all          5.0      narrated        5.00  more_than_half       withdraw       False      be fair        be fair      5.24             0.0            3.0    210.0                     3.98                4.53                3.20               5.0                   0.61
26  s_end_plus_gemini    3          10.0            600.0          all          5.0      narrated        5.00            half    unspecified        True      be fair        be fair      2.53             0.0            1.0    198.0                     4.78                5.00                3.36               5.0                   1.12
27     s_end_plus_gpt    3          10.0            570.0     moderate          NaN           NaN        2.75            half         reduce        True      be fair    be generous      3.48             1.0            0.0    201.0                     3.01                2.95                2.00               3.0                  -0.64
29         s_end_plus    4          10.0            596.0          all          5.0      endorsed        5.00   at_least_sent    unspecified        True      be fair        be fair      4.11             0.0            4.0    219.0                     5.00                5.00                3.35               5.0                   1.20
30            s_start    4           1.0            596.0          all          NaN           NaN        5.00  more_than_half    unspecified       False  be generous    be generous      6.80             0.0            0.0    206.0                     3.74                4.47                2.62               5.0                   0.32
33  s_end_plus_gemini    4          10.0            600.0          all          5.0      narrated        5.00            half    unspecified        True      be fair        be fair      4.93             1.0            2.0    203.0                     4.58                4.97                3.40               5.0                   1.05
34     s_end_plus_gpt    4          10.0            314.0     moderate          NaN           NaN        2.75     unspecified    unspecified        True      be fair        be fair      2.96             0.0            1.0    203.0                     3.04                3.02                2.45               3.0                  -0.46
