stratum    measure           outcome    coef  ci_low  ci_high      p  p_holm  n_games  eff_n_games  n_runs
2-agent same_label         sent_frac  0.0109  0.0031   0.0186 0.0067  0.1881      578        356.0      66
2-agent  moral_cos         sent_frac -0.0044 -0.0123   0.0036 0.2788  1.0000      575        353.0      66
2-agent rule_index         sent_frac  0.0088 -0.0044   0.0219 0.1862  1.0000      575        354.0      66
2-agent give_align         sent_frac  0.0015 -0.0134   0.0163 0.8444  1.0000      578        356.0      66
2-agent   myth_cos         sent_frac  0.0053 -0.0097   0.0203 0.4860  1.0000      578        356.0      66
2-agent same_label return_proportion -0.0002 -0.0064   0.0059 0.9377  1.0000      575        575.0      66
2-agent  moral_cos return_proportion -0.0019 -0.0073   0.0036 0.4996  1.0000      572        572.0      66
2-agent rule_index return_proportion -0.0051 -0.0176   0.0073 0.4137  1.0000      572        572.0      66
2-agent give_align return_proportion -0.0003 -0.0088   0.0082 0.9454  1.0000      575        575.0      66
2-agent   myth_cos return_proportion -0.0061 -0.0177   0.0054 0.2949  1.0000      575        575.0      66
2-agent same_label        giving_gap  0.0129  0.0048   0.0210 0.0022  0.0636      575        575.0      66
2-agent  moral_cos        giving_gap -0.0000 -0.0080   0.0080 0.9915  1.0000      572        572.0      66
2-agent rule_index        giving_gap  0.0192  0.0076   0.0307 0.0015  0.0444      572        572.0      66
2-agent give_align        giving_gap  0.0067 -0.0054   0.0188 0.2721  1.0000      575        575.0      66
2-agent   myth_cos        giving_gap  0.0089 -0.0048   0.0225 0.1986  1.0000      575        575.0      66
8-agent same_label         sent_frac -0.0057 -0.0163   0.0049 0.2870  1.0000     2833       2215.0      90
8-agent  moral_cos         sent_frac -0.0029 -0.0124   0.0066 0.5420  1.0000     2809       2188.0      90
8-agent rule_index         sent_frac -0.0133 -0.0280   0.0014 0.0761  1.0000     2818       2201.0      90
8-agent give_align         sent_frac -0.0251 -0.0439  -0.0062 0.0097  0.2615     2833       2215.0      90
8-agent   myth_cos         sent_frac  0.0053 -0.0070   0.0177 0.3942  1.0000     2833       2215.0      90
8-agent same_label return_proportion -0.0010 -0.0050   0.0030 0.6229  1.0000     2626       2616.0      90
8-agent  moral_cos return_proportion  0.0014 -0.0020   0.0049 0.4087  1.0000     2602       2592.0      90
8-agent rule_index return_proportion -0.0007 -0.0054   0.0040 0.7764  1.0000     2614       2604.0      90
8-agent give_align return_proportion -0.0030 -0.0082   0.0022 0.2540  1.0000     2626       2616.0      90
8-agent   myth_cos return_proportion -0.0011 -0.0063   0.0040 0.6625  1.0000     2626       2616.0      90
8-agent same_label        giving_gap -0.0024 -0.0085   0.0037 0.4367  1.0000     2626       2616.0      90
8-agent  moral_cos        giving_gap  0.0028 -0.0030   0.0085 0.3441  1.0000     2602       2592.0      90
8-agent rule_index        giving_gap -0.0060 -0.0152   0.0032 0.1977  1.0000     2614       2604.0      90
8-agent give_align        giving_gap -0.0116 -0.0211  -0.0020 0.0184  0.4778     2626       2616.0      90
8-agent   myth_cos        giving_gap  0.0032 -0.0051   0.0114 0.4501  1.0000     2626       2616.0      90
